#include <stdio.h>
#include "basic.h"


int main() {
  foo();
  return 0;
}
